sitecue/apps/app on  chore/fix-basecamp-failing-tests [!] via  v24.11.1
 bun run test
$ vitest
The plugin "vite-tsconfig-paths" is detected. Vite now supports tsconfig paths resolution natively via the resolve.tsconfigPaths option. You can remove the plugin and set resolve.tsconfigPaths: true in your Vite config instead.
[vite:react-swc] We recommend switching to `@vitejs/plugin-react` for improved performance as no swc plugins are used. More information at https://vite.dev/rolldown

 DEV  v4.1.5 /home/iatik/dev/github.com/claude-3/sitecue/apps/app

 ❯ src/utils/supabase/server.test.ts (1 test | 1 failed) 9ms
     × 未認証ユーザーの場合、指定した currentPath をエンコードしてリダイレクトする 3ms
 ❯ src/app/(dashboard)/page.test.tsx (1 test | 1 failed) 11ms
     × renders warning banner when notesCount is at or above WARNING_THRESHOLD 5ms
stderr | src/components/dialogs/GlobalNewNoteDialog.test.tsx > GlobalNewNoteDialog > closes itself and opens paywall when limit reached error occurs
Failed to save note: { message: 'note storage limit reached', code: 'P0001' }

 ✓ src/components/dialogs/GlobalNewNoteDialog.test.tsx (3 tests) 352ms
 ✓ src/app/(dashboard)/_components/NoteEditor.test.tsx (2 tests) 594ms
     ✓ 上限の90%に達するとカウンターが表示され、超過するとボタンがdisabledになること  426ms
stderr | src/app/(dashboard)/notes/_components/RightPaneDetail.test.tsx > RightPaneDetail > shows paywall modal when storage limit is reached
Failed to save note: Error: note storage limit reached
    at /home/iatik/dev/github.com/claude-3/sitecue/apps/app/src/app/(dashboard)/notes/_components/RightPaneDetail.test.tsx:124:24
    at file:///home/iatik/dev/github.com/claude-3/sitecue/node_modules/@vitest/runner/dist/chunk-artifact.js:302:11
    at file:///home/iatik/dev/github.com/claude-3/sitecue/node_modules/@vitest/runner/dist/chunk-artifact.js:1903:26
    at file:///home/iatik/dev/github.com/claude-3/sitecue/node_modules/@vitest/runner/dist/chunk-artifact.js:2326:20
    at new Promise (<anonymous>)
    at runWithCancel (file:///home/iatik/dev/github.com/claude-3/sitecue/node_modules/@vitest/runner/dist/chunk-artifact.js:2323:10)
    at file:///home/iatik/dev/github.com/claude-3/sitecue/node_modules/@vitest/runner/dist/chunk-artifact.js:2305:20
    at new Promise (<anonymous>)
    at runWithTimeout (file:///home/iatik/dev/github.com/claude-3/sitecue/node_modules/@vitest/runner/dist/chunk-artifact.js:2272:10)
    at file:///home/iatik/dev/github.com/claude-3/sitecue/node_modules/@vitest/runner/dist/chunk-artifact.js:2955:64

 ✓ src/app/(dashboard)/notes/_components/RightPaneDetail.test.tsx (6 tests) 390ms
 ✓ src/app/(dashboard)/notes/_components/SearchModal.test.tsx (6 tests) 718ms
     ✓ should navigate to exact domain and set noteId when a note is clicked  320ms
 ✓ src/components/ui/micro-interaction-buttons.test.tsx (3 tests) 152ms
 ✓ src/app/(dashboard)/notes/_components/MiddlePaneList.test.tsx (7 tests) 640ms
     ✓ should show checkboxes and action bar when selection is enabled  381ms
 ✓ src/components/ui/__tests__/hover-swap-button.test.tsx (1 test) 143ms
stderr | src/app/(dashboard)/_components/DraftEditor.test.tsx > DraftEditor - Error Handling > Weave機能がAPIエラーになった際、エラーメッセージがトーストで表示されること
Weave failed: Error: Internal Server Error
    at generateWeave (/home/iatik/dev/github.com/claude-3/sitecue/apps/app/src/hooks/useStudioAI.ts:56:11)
    at handleWeave (/home/iatik/dev/github.com/claude-3/sitecue/apps/app/src/app/(dashboard)/_components/DraftEditor.tsx:282:44)

 ✓ src/app/(dashboard)/_components/DraftEditor.test.tsx (1 test) 465ms
     ✓ Weave機能がAPIエラーになった際、エラーメッセージがトーストで表示されること  460ms
 ✓ src/components/ui/note-status-badge.test.tsx (3 tests) 191ms
 ❯ src/app/(dashboard)/notes/_components/SearchInput.test.tsx (3 tests | 3 failed) 3288ms
     × should parse keywords and tags to update URL (Debounce check) 1199ms
     × should use router.push and path correction when not on /notes 1050ms
     × should clear input and URL params when clear button is clicked 1033ms
 ✓ src/app/(dashboard)/notes/_components/NoteItem.test.tsx (2 tests) 190ms
 ✓ src/app/(dashboard)/_components/SaveAsTemplateDialog.test.tsx (1 test) 368ms
     ✓ renders with initial values and calls onSuccess when saved  362ms
 ✓ src/app/(dashboard)/templates/_components/TemplateManager.test.tsx (3 tests) 302ms
 ✓ src/components/ui/filter-badge.test.tsx (2 tests) 183ms
 ✓ src/hooks/useNotesQuery.test.tsx (3 tests) 191ms
 ✓ src/components/layout/GlobalSidebar.test.tsx (2 tests) 80ms
stderr | src/app/(dashboard)/notes/_components/ResponsiveNotesLayout.test.tsx > ResponsiveNotesLayout > delays routing and simplifies parameter deletion when closing the drawer on mobile
An update to ResponsiveNotesLayout inside a test was not wrapped in act(...).

When testing, code that causes React state updates should be wrapped into act(...):

act(() => {
  /* fire events that update state */
});
/* assert on the output */

This ensures that you're testing the behavior the user would see in the browser. Learn more at https://react.dev/link/wrap-tests-with-act
                                                   An update to Presence inside a test was not wrapped in act(...).

                              When testing, code that causes React state updates should be wrapped into act(...):

act(() => {
  /* fire events that update state */
});
/* assert on the output */

This ensures that you're testing the behavior the user would see in the browser. Learn more at https://react.dev/link/wrap-tests-with-act
An update to Presence inside a test was not wrapped in act(...).

When testing, code that causes React state updates should be wrapped into act(...):

act(() => {
  /* fire events that update state */
});
/* assert on the output */

This ensures that you're testing the behavior the user would see in the browser. Learn more at https://react.dev/link/wrap-tests-with-act
An update to FocusScope inside a test was not wrapped in act(...).

When testing, code that causes React state updates should be wrapped into act(...):

act(() => {
  /* fire events that update state */
});
/* assert on the output */

This ensures that you're testing the behavior the user would see in the browser. Learn more at https://react.dev/link/wrap-tests-with-act
An update to Presence inside a test was not wrapped in act(...).

When testing, code that causes React state updates should be wrapped into act(...):

act(() => {
  /* fire events that update state */
});
/* assert on the output */

This ensures that you're testing the behavior the user would see in the browser. Learn more at https://react.dev/link/wrap-tests-with-act
An update to Presence inside a test was not wrapped in act(...).

When testing, code that causes React state updates should be wrapped into act(...):

act(() => {                                                                                     /* fire events that update state */
});
/* assert on the output */

This ensures that you're testing the behavior the user would see in the browser. Learn more at https://react.dev/link/wrap-tests-with-act
An update to DismissableLayer inside a test was not wrapped in act(...).

                      When testing, code that causes React state updates should be wrapped into act(...):

act(() => {
  /* fire events that update state */
});
/* assert on the output */

This ensures that you're testing the behavior the user would see in the browser. Learn more at https://react.dev/link/wrap-tests-with-act
An update to Presence inside a test was not wrapped in act(...).

When testing, code that causes React state updates should be wrapped into act(...):

act(() => {
  /* fire events that update state */
});
/* assert on the output */

This ensures that you're testing the behavior the user would see in the browser. Learn more at https://react.dev/link/wrap-tests-with-act
An update to Presence inside a test was not wrapped in act(...).

When testing, code that causes React state updates should be wrapped into act(...):

act(() => {
  /* fire events that update state */
});
/* assert on the output */

This ensures that you're testing the behavior the user would see in the browser. Learn more at https://react.dev/link/wrap-tests-with-act
An update to Presence inside a test was not wrapped in act(...).

When testing, code that causes React state updates should be wrapped into act(...):

act(() => {
  /* fire events that update state */                                                         });
/* assert on the output */

                                                                    This ensures that you're testing the behavior the user would see in the browser. Learn more at https://react.dev/link/wrap-tests-with-act
An update to Presence inside a test was not wrapped in act(...).

When testing, code that causes React state updates should be wrapped into act(...):
act(() => {
  /* fire events that update state */
});
/* assert on the output */

This ensures that you're testing the behavior the user would see in the browser. Learn more at https://react.dev/link/wrap-tests-with-act
An update to FocusScope inside a test was not wrapped in act(...).

When testing, code that causes React state updates should be wrapped into act(...):

act(() => {
  /* fire events that update state */
});
/* assert on the output */

This ensures that you're testing the behavior the user would see in the browser. Learn more at https://react.dev/link/wrap-tests-with-act
An update to Presence inside a test was not wrapped in act(...).

When testing, code that causes React state updates should be wrapped into act(...):

act(() => {
  /* fire events that update state */
});                                                                                           /* assert on the output */

                                                                    This ensures that you're testing the behavior the user would see in the browser. Learn more at https://react.dev/link/wrap-tests-with-act                                                   An update to Presence inside a test was not wrapped in act(...).

When testing, code that causes React state updates should be wrapped into act(...):

act(() => {
  /* fire events that update state */
});
/* assert on the output */

This ensures that you're testing the behavior the user would see in the browser. Learn more at https://react.dev/link/wrap-tests-with-act
An update to DismissableLayer inside a test was not wrapped in act(...).

When testing, code that causes React state updates should be wrapped into act(...):
act(() => {
  /* fire events that update state */                                                         });
/* assert on the output */

This ensures that you're testing the behavior the user would see in the browser. Learn more at https://react.dev/link/wrap-tests-with-act
An update to Presence inside a test was not wrapped in act(...).

When testing, code that causes React state updates should be wrapped into act(...):

act(() => {
  /* fire events that update state */                                                         });
/* assert on the output */

This ensures that you're testing the behavior the user would see in the browser. Learn more at https://react.dev/link/wrap-tests-with-act
An update to Presence inside a test was not wrapped in act(...).

When testing, code that causes React state updates should be wrapped into act(...):

act(() => {
  /* fire events that update state */
});
/* assert on the output */

This ensures that you're testing the behavior the user would see in the browser. Learn more at https://react.dev/link/wrap-tests-with-act
An update to ResponsiveNotesLayout inside a test was not wrapped in act(...).

When testing, code that causes React state updates should be wrapped into act(...):

act(() => {
  /* fire events that update state */
});                                                                                           /* assert on the output */
                                                                    This ensures that you're testing the behavior the user would see in the browser. Learn more at https://react.dev/link/wrap-tests-with-act                                                   An update to Presence inside a test was not wrapped in act(...).
                              When testing, code that causes React state updates should be wrapped into act(...):
           act(() => {
  /* fire events that update state */
});
/* assert on the output */

                                                                    This ensures that you're testing the behavior the user would see in the browser. Learn more at https://react.dev/link/wrap-tests-with-act                                                   An update to Presence inside a test was not wrapped in act(...).
                              When testing, code that causes React state updates should be wrapped into act(...):
           act(() => {
  /* fire events that update state */                                                         });
/* assert on the output */

This ensures that you're testing the behavior the user would see in the browser. Learn more at https://react.dev/link/wrap-tests-with-act
An update to FocusScope inside a test was not wrapped in act(...).

When testing, code that causes React state updates should be wrapped into act(...):

act(() => {
  /* fire events that update state */
});
/* assert on the output */

This ensures that you're testing the behavior the user would see in the browser. Learn more at https://react.dev/link/wrap-tests-with-act
An update to Presence inside a test was not wrapped in act(...).

When testing, code that causes React state updates should be wrapped into act(...):

act(() => {
  /* fire events that update state */
});
/* assert on the output */

This ensures that you're testing the behavior the user would see in the browser. Learn more at https://react.dev/link/wrap-tests-with-act
An update to Presence inside a test was not wrapped in act(...).

When testing, code that causes React state updates should be wrapped into act(...):

act(() => {
  /* fire events that update state */
});
/* assert on the output */

This ensures that you're testing the behavior the user would see in the browser. Learn more at https://react.dev/link/wrap-tests-with-act
An update to DismissableLayer inside a test was not wrapped in act(...).

When testing, code that causes React state updates should be wrapped into act(...):

act(() => {
  /* fire events that update state */
});
/* assert on the output */

This ensures that you're testing the behavior the user would see in the browser. Learn more at https://react.dev/link/wrap-tests-with-act
An update to Presence inside a test was not wrapped in act(...).
When testing, code that causes React state updates should be wrapped into act(...):

act(() => {
  /* fire events that update state */
});
/* assert on the output */

This ensures that you're testing the behavior the user would see in the browser. Learn more at https://react.dev/link/wrap-tests-with-act
An update to Presence inside a test was not wrapped in act(...).

When testing, code that causes React state updates should be wrapped into act(...):

act(() => {
  /* fire events that update state */
});
/* assert on the output */

This ensures that you're testing the behavior the user would see in the browser. Learn more at https://react.dev/link/wrap-tests-with-act
An update to Presence inside a test was not wrapped in act(...).

When testing, code that causes React state updates should be wrapped into act(...):

act(() => {
  /* fire events that update state */
});                                                                                           /* assert on the output */

This ensures that you're testing the behavior the user would see in the browser. Learn more at https://react.dev/link/wrap-tests-with-act
An update to Presence inside a test was not wrapped in act(...).

When testing, code that causes React state updates should be wrapped into act(...):

           act(() => {
  /* fire events that update state */
});
/* assert on the output */

This ensures that you're testing the behavior the user would see in the browser. Learn more at https://react.dev/link/wrap-tests-with-act
An update to FocusScope inside a test was not wrapped in act(...).

When testing, code that causes React state updates should be wrapped into act(...):

act(() => {
  /* fire events that update state */
});
/* assert on the output */

This ensures that you're testing the behavior the user would see in the browser. Learn more at https://react.dev/link/wrap-tests-with-act
An update to Presence inside a test was not wrapped in act(...).

When testing, code that causes React state updates should be wrapped into act(...):

act(() => {
  /* fire events that update state */
});
/* assert on the output */

This ensures that you're testing the behavior the user would see in the browser. Learn more at https://react.dev/link/wrap-tests-with-act
An update to Presence inside a test was not wrapped in act(...).

When testing, code that causes React state updates should be wrapped into act(...):

act(() => {
  /* fire events that update state */
});
/* assert on the output */

This ensures that you're testing the behavior the user would see in the browser. Learn more at https://react.dev/link/wrap-tests-with-act
An update to DismissableLayer inside a test was not wrapped in act(...).

When testing, code that causes React state updates should be wrapped into act(...):

act(() => {
  /* fire events that update state */
});
/* assert on the output */

This ensures that you're testing the behavior the user would see in the browser. Learn more at https://react.dev/link/wrap-tests-with-act
An update to Presence inside a test was not wrapped in act(...).

When testing, code that causes React state updates should be wrapped into act(...):

act(() => {
  /* fire events that update state */
});
/* assert on the output */

This ensures that you're testing the behavior the user would see in the browser. Learn more at https://react.dev/link/wrap-tests-with-act
An update to Presence inside a test was not wrapped in act(...).

When testing, code that causes React state updates should be wrapped into act(...):

act(() => {
  /* fire events that update state */
});
/* assert on the output */

This ensures that you're testing the behavior the user would see in the browser. Learn more at https://react.dev/link/wrap-tests-with-act
An update to ResponsiveNotesLayout inside a test was not wrapped in act(...).

When testing, code that causes React state updates should be wrapped into act(...):

act(() => {
  /* fire events that update state */
});
/* assert on the output */

This ensures that you're testing the behavior the user would see in the browser. Learn more at https://react.dev/link/wrap-tests-with-act
An update to Presence inside a test was not wrapped in act(...).

When testing, code that causes React state updates should be wrapped into act(...):

act(() => {
  /* fire events that update state */
});
/* assert on the output */

This ensures that you're testing the behavior the user would see in the browser. Learn more at https://react.dev/link/wrap-tests-with-act
An update to Presence inside a test was not wrapped in act(...).

When testing, code that causes React state updates should be wrapped into act(...):

act(() => {
  /* fire events that update state */
});
/* assert on the output */

This ensures that you're testing the behavior the user would see in the browser. Learn more at https://react.dev/link/wrap-tests-with-act
An update to FocusScope inside a test was not wrapped in act(...).

When testing, code that causes React state updates should be wrapped into act(...):

act(() => {
  /* fire events that update state */
});
/* assert on the output */

This ensures that you're testing the behavior the user would see in the browser. Learn more at https://react.dev/link/wrap-tests-with-act
An update to Presence inside a test was not wrapped in act(...).

When testing, code that causes React state updates should be wrapped into act(...):

act(() => {
  /* fire events that update state */
});
/* assert on the output */

This ensures that you're testing the behavior the user would see in the browser. Learn more at https://react.dev/link/wrap-tests-with-act
An update to Presence inside a test was not wrapped in act(...).

When testing, code that causes React state updates should be wrapped into act(...):

act(() => {
  /* fire events that update state */
});
/* assert on the output */

This ensures that you're testing the behavior the user would see in the browser. Learn more at https://react.dev/link/wrap-tests-with-act
An update to DismissableLayer inside a test was not wrapped in act(...).

When testing, code that causes React state updates should be wrapped into act(...):

act(() => {
  /* fire events that update state */
});
/* assert on the output */

This ensures that you're testing the behavior the user would see in the browser. Learn more at https://react.dev/link/wrap-tests-with-act
An update to Presence inside a test was not wrapped in act(...).

When testing, code that causes React state updates should be wrapped into act(...):

act(() => {
  /* fire events that update state */
});
/* assert on the output */

This ensures that you're testing the behavior the user would see in the browser. Learn more at https://react.dev/link/wrap-tests-with-act
An update to Presence inside a test was not wrapped in act(...).

When testing, code that causes React state updates should be wrapped into act(...):

act(() => {
  /* fire events that update state */
});
/* assert on the output */

This ensures that you're testing the behavior the user would see in the browser. Learn more at https://react.dev/link/wrap-tests-with-act
An update to FocusScope inside a test was not wrapped in act(...).

When testing, code that causes React state updates should be wrapped into act(...):

act(() => {
  /* fire events that update state */
});
/* assert on the output */

This ensures that you're testing the behavior the user would see in the browser. Learn more at https://react.dev/link/wrap-tests-with-act
An update to Presence inside a test was not wrapped in act(...).

When testing, code that causes React state updates should be wrapped into act(...):

act(() => {
  /* fire events that update state */
});
/* assert on the output */

This ensures that you're testing the behavior the user would see in the browser. Learn more at https://react.dev/link/wrap-tests-with-act
An update to Presence inside a test was not wrapped in act(...).

When testing, code that causes React state updates should be wrapped into act(...):

act(() => {
  /* fire events that update state */
});
/* assert on the output */

This ensures that you're testing the behavior the user would see in the browser. Learn more at https://react.dev/link/wrap-tests-with-act
An update to DismissableLayer inside a test was not wrapped in act(...).

When testing, code that causes React state updates should be wrapped into act(...):

act(() => {
  /* fire events that update state */
});
/* assert on the output */

This ensures that you're testing the behavior the user would see in the browser. Learn more at https://react.dev/link/wrap-tests-with-act

 ✓ src/app/(dashboard)/notes/_components/ResponsiveNotesLayout.test.tsx (4 tests) 275ms
 ✓ src/app/(dashboard)/_components/PinnedSitesManager.test.tsx (1 test) 53ms
 ✓ src/app/(dashboard)/studio/_components/StudioReviewPane.test.tsx (1 test) 191ms
 ✓ src/components/ui/__tests__/button.test.tsx (2 tests) 51ms
 ✓ src/app/(dashboard)/studio/_components/PaywallModal.test.tsx (2 tests) 59ms
 ✓ src/app/(dashboard)/_components/ComingSoonButton.test.tsx (1 test) 47ms
 ✓ src/components/layout/MobileBottomNav.test.tsx (1 test) 39ms
 ✓ src/app/(dashboard)/notes/_components/NotesContainer.test.tsx (2 tests) 53ms
 ✓ src/components/editor/NotesEditor.test.tsx (1 test) 27ms
 ✓ src/store/useUserStore.test.ts (2 tests) 20ms
 ✓ src/constants/limits.test.ts (2 tests) 4ms
 ✓ src/store/useLayoutStore.test.ts (2 tests) 4ms

⎯⎯⎯⎯⎯⎯⎯⎯⎯⎯⎯⎯⎯⎯⎯⎯⎯⎯⎯⎯⎯⎯⎯⎯⎯⎯⎯⎯⎯⎯⎯⎯⎯⎯⎯⎯⎯⎯⎯ Failed Tests 5 ⎯⎯⎯⎯⎯⎯⎯⎯⎯⎯⎯⎯⎯⎯⎯⎯⎯⎯⎯⎯⎯⎯⎯⎯⎯⎯⎯⎯⎯⎯⎯⎯⎯⎯⎯⎯⎯⎯⎯

 FAIL  src/app/(dashboard)/page.test.tsx > LaunchpadPage - Note Limit Warning > renders warning banner when notesCount is at or above WARNING_THRESHOLD
Error: [vitest] No "requireUser" export is defined on the "@/utils/supabase/server" mock. Did you forget to return it from "vi.mock"?
If you need to partially mock a module, you can use "importOriginal" helper inside:

vi.mock(import("@/utils/supabase/server"), async (importOriginal) => {
  const actual = await importOriginal()
  return {
    ...actual,
    // your mocked methods
  }
})

 ❯ Module.LaunchpadPage src/app/(dashboard)/page.tsx:17:29
     15|
     16| export default async function LaunchpadPage() {
     17|  const { supabase } = await requireUser("/");
       |                             ^
     18|  const [
     19|   { count: notesCount },
 ❯ src/app/(dashboard)/page.test.tsx:27:22

⎯⎯⎯⎯⎯⎯⎯⎯⎯⎯⎯⎯⎯⎯⎯⎯⎯⎯⎯⎯⎯⎯⎯⎯⎯⎯⎯⎯⎯⎯⎯⎯⎯⎯⎯⎯⎯⎯⎯⎯⎯⎯⎯⎯⎯⎯⎯⎯⎯⎯⎯⎯⎯⎯⎯⎯⎯⎯⎯⎯⎯⎯⎯⎯⎯⎯⎯⎯⎯⎯⎯⎯⎯⎯⎯⎯⎯⎯⎯⎯⎯⎯⎯⎯⎯⎯⎯⎯[1/5]⎯

 FAIL  src/utils/supabase/server.test.ts > requireUser DAL > 未認証ユーザーの場合、指定した currentPath をエンコードしてリダイレクトする
AssertionError: expected "vi.fn()" to be called with arguments: [ Array(1) ]

Number of calls: 0

 ❯ src/utils/supabase/server.test.ts:35:20
     33|
     34|   // EncodeURIComponent でエンコードされた値が渡されるかを検証
     35|   expect(redirect).toHaveBeenCalledWith(
       |                    ^
     36|    "/login?next=%2Fstudio%2Fnew%3Ftemplate_id%3Dxyz",
     37|   );

⎯⎯⎯⎯⎯⎯⎯⎯⎯⎯⎯⎯⎯⎯⎯⎯⎯⎯⎯⎯⎯⎯⎯⎯⎯⎯⎯⎯⎯⎯⎯⎯⎯⎯⎯⎯⎯⎯⎯⎯⎯⎯⎯⎯⎯⎯⎯⎯⎯⎯⎯⎯⎯⎯⎯⎯⎯⎯⎯⎯⎯⎯⎯⎯⎯⎯⎯⎯⎯⎯⎯⎯⎯⎯⎯⎯⎯⎯⎯⎯⎯⎯⎯⎯⎯⎯⎯⎯[2/5]⎯

 FAIL  src/app/(dashboard)/notes/_components/SearchInput.test.tsx > SearchInput Component > should parse keywords and tags to update URL (Debounce check)
AssertionError: expected "vi.fn()" to be called with arguments: [ '/notes?q=ui&tags=design', …(1) ]

Number of calls: 0


Ignored nodes: comments, script, style
<html>
  <head />
  <body>
    <div>
      <form
        class="w-full"
      >
        <div
          class="relative flex items-center w-full group"
        >
          <button
            aria-label="Search"
            class="absolute left-3 flex items-center justify-center cursor-pointer text-muted-foreground group-focus-within:text-action transition-colors"
            type="button"
          >
            <svg
              aria-hidden="true"
              class="lucide lucide-search w-4 h-4"
              fill="none"
              height="24"
              stroke="currentColor"
              stroke-linecap="round"
              stroke-linejoin="round"
              stroke-width="2"
              viewBox="0 0 24 24"
              width="24"
              xmlns="http://www.w3.org/2000/svg"
            >
              <path
                d="m21 21-4.34-4.34"
              />
              <circle
                cx="11"
                cy="11"
                r="8"
              />
            </svg>
          </button>
          <input
            class="w-full pl-9 pr-8 py-2 text-sm bg-base-bg border border-transparent focus:border-base-border focus:ring-2 focus:ring-base-border rounded-lg transition-all outline-none"
            placeholder="Search keywords or #tags..."
            type="text"
            value="#design ui"
          />
          <button
            aria-label="Clear search"
            class="absolute right-2 p-1 text-muted-foreground hover:text-action cursor-pointer transition-colors"
            type="button"
          >
            <svg
              aria-hidden="true"
              class="lucide lucide-x w-3.5 h-3.5"
              fill="none"
              height="24"
              stroke="currentColor"
              stroke-linecap="round"
              stroke-linejoin="round"
              stroke-width="2"
              viewBox="0 0 24 24"
              width="24"
              xmlns="http://www.w3.org/2000/svg"
            >
              <path
                d="M18 6 6 18"
              />
              <path
                d="m6 6 12 12"
              />
            </svg>
          </button>
        </div>
      </form>
    </div>
  </body>
</html>
 ❯ waitFor.timeout src/app/(dashboard)/notes/_components/SearchInput.test.tsx:59:25
     57|   await waitFor(
     58|    () => {
     59|     expect(mockReplace).toHaveBeenCalledWith("/notes?q=ui&tags=design", {
       |                         ^
     60|      scroll: false,
     61|     });
 ❯ runWithExpensiveErrorDiagnosticsDisabled ../../node_modules/@testing-library/dom/dist/config.js:47:12
 ❯ checkCallback ../../node_modules/@testing-library/dom/dist/wait-for.js:124:77
 ❯ Timeout.checkRealTimersCallback ../../node_modules/@testing-library/dom/dist/wait-for.js:118:16

⎯⎯⎯⎯⎯⎯⎯⎯⎯⎯⎯⎯⎯⎯⎯⎯⎯⎯⎯⎯⎯⎯⎯⎯⎯⎯⎯⎯⎯⎯⎯⎯⎯⎯⎯⎯⎯⎯⎯⎯⎯⎯⎯⎯⎯⎯⎯⎯⎯⎯⎯⎯⎯⎯⎯⎯⎯⎯⎯⎯⎯⎯⎯⎯⎯⎯⎯⎯⎯⎯⎯⎯⎯⎯⎯⎯⎯⎯⎯⎯⎯⎯⎯⎯⎯⎯⎯⎯[3/5]⎯

 FAIL  src/app/(dashboard)/notes/_components/SearchInput.test.tsx > SearchInput Component > should use router.push and path correction when not on /notes
AssertionError: expected "vi.fn()" to be called with arguments: [ '/notes?q=test', { scroll: false } ]

Number of calls: 0


Ignored nodes: comments, script, style
<html>
  <head />
  <body>
    <div>
      <form
        class="w-full"
      >
        <div
          class="relative flex items-center w-full group"
        >
          <button
            aria-label="Search"
            class="absolute left-3 flex items-center justify-center cursor-pointer text-muted-foreground group-focus-within:text-action transition-colors"
            type="button"
          >
            <svg
              aria-hidden="true"
              class="lucide lucide-search w-4 h-4"
              fill="none"
              height="24"
              stroke="currentColor"
              stroke-linecap="round"
              stroke-linejoin="round"
              stroke-width="2"
              viewBox="0 0 24 24"
              width="24"
              xmlns="http://www.w3.org/2000/svg"
            >
              <path
                d="m21 21-4.34-4.34"
              />
              <circle
                cx="11"
                cy="11"
                r="8"
              />
            </svg>
          </button>
          <input
            class="w-full pl-9 pr-8 py-2 text-sm bg-base-bg border border-transparent focus:border-base-border focus:ring-2 focus:ring-base-border rounded-lg transition-all outline-none"
            placeholder="Search keywords or #tags..."
            type="text"
            value="test"
          />
          <button
            aria-label="Clear search"
            class="absolute right-2 p-1 text-muted-foreground hover:text-action cursor-pointer transition-colors"
            type="button"
          >
            <svg
              aria-hidden="true"
              class="lucide lucide-x w-3.5 h-3.5"
              fill="none"
              height="24"
              stroke="currentColor"
              stroke-linecap="round"
              stroke-linejoin="round"
              stroke-width="2"
              viewBox="0 0 24 24"
              width="24"
              xmlns="http://www.w3.org/2000/svg"
            >
              <path
                d="M18 6 6 18"
              />
              <path
                d="m6 6 12 12"
              />
            </svg>
          </button>
        </div>
      </form>
    </div>
  </body>
</html>
 ❯ waitFor.timeout src/app/(dashboard)/notes/_components/SearchInput.test.tsx:77:22
     75|   await waitFor(
     76|    () => {
     77|     expect(mockPush).toHaveBeenCalledWith("/notes?q=test", {
       |                      ^
     78|      scroll: false,
     79|     });
 ❯ runWithExpensiveErrorDiagnosticsDisabled ../../node_modules/@testing-library/dom/dist/config.js:47:12
 ❯ checkCallback ../../node_modules/@testing-library/dom/dist/wait-for.js:124:77
 ❯ Timeout.checkRealTimersCallback ../../node_modules/@testing-library/dom/dist/wait-for.js:118:16

⎯⎯⎯⎯⎯⎯⎯⎯⎯⎯⎯⎯⎯⎯⎯⎯⎯⎯⎯⎯⎯⎯⎯⎯⎯⎯⎯⎯⎯⎯⎯⎯⎯⎯⎯⎯⎯⎯⎯⎯⎯⎯⎯⎯⎯⎯⎯⎯⎯⎯⎯⎯⎯⎯⎯⎯⎯⎯⎯⎯⎯⎯⎯⎯⎯⎯⎯⎯⎯⎯⎯⎯⎯⎯⎯⎯⎯⎯⎯⎯⎯⎯⎯⎯⎯⎯⎯⎯[4/5]⎯

 FAIL  src/app/(dashboard)/notes/_components/SearchInput.test.tsx > SearchInput Component > should clear input and URL params when clear button is clicked
AssertionError: expected "vi.fn()" to be called with arguments: [ '/notes?q=test', { scroll: false } ]

Number of calls: 0


Ignored nodes: comments, script, style
<html>
  <head />
  <body>
    <div>
      <form
        class="w-full"
      >
        <div
          class="relative flex items-center w-full group"
        >
          <button
            aria-label="Search"
            class="absolute left-3 flex items-center justify-center cursor-pointer text-muted-foreground group-focus-within:text-action transition-colors"
            type="button"
          >
            <svg
              aria-hidden="true"
              class="lucide lucide-search w-4 h-4"
              fill="none"
              height="24"
              stroke="currentColor"
              stroke-linecap="round"
              stroke-linejoin="round"
              stroke-width="2"
              viewBox="0 0 24 24"
              width="24"
              xmlns="http://www.w3.org/2000/svg"
            >
              <path
                d="m21 21-4.34-4.34"
              />
              <circle
                cx="11"
                cy="11"
                r="8"
              />
            </svg>
          </button>
          <input
            class="w-full pl-9 pr-8 py-2 text-sm bg-base-bg border border-transparent focus:border-base-border focus:ring-2 focus:ring-base-border rounded-lg transition-all outline-none"
            placeholder="Search keywords or #tags..."
            type="text"
            value="test"
          />
          <button
            aria-label="Clear search"
            class="absolute right-2 p-1 text-muted-foreground hover:text-action cursor-pointer transition-colors"
            type="button"
          >
            <svg
              aria-hidden="true"
              class="lucide lucide-x w-3.5 h-3.5"
              fill="none"
              height="24"
              stroke="currentColor"
              stroke-linecap="round"
              stroke-linejoin="round"
              stroke-width="2"
              viewBox="0 0 24 24"
              width="24"
              xmlns="http://www.w3.org/2000/svg"
            >
              <path
                d="M18 6 6 18"
              />
              <path
                d="m6 6 12 12"
              />
            </svg>
          </button>
        </div>
      </form>
    </div>
  </body>
</html>
 ❯ waitFor.timeout src/app/(dashboard)/notes/_components/SearchInput.test.tsx:95:25
     93|   await waitFor(
     94|    () => {
     95|     expect(mockReplace).toHaveBeenCalledWith("/notes?q=test", {
       |                         ^
     96|      scroll: false,
     97|     });
 ❯ runWithExpensiveErrorDiagnosticsDisabled ../../node_modules/@testing-library/dom/dist/config.js:47:12
 ❯ checkCallback ../../node_modules/@testing-library/dom/dist/wait-for.js:124:77
 ❯ Timeout.checkRealTimersCallback ../../node_modules/@testing-library/dom/dist/wait-for.js:118:16

⎯⎯⎯⎯⎯⎯⎯⎯⎯⎯⎯⎯⎯⎯⎯⎯⎯⎯⎯⎯⎯⎯⎯⎯⎯⎯⎯⎯⎯⎯⎯⎯⎯⎯⎯⎯⎯⎯⎯⎯⎯⎯⎯⎯⎯⎯⎯⎯⎯⎯⎯⎯⎯⎯⎯⎯⎯⎯⎯⎯⎯⎯⎯⎯⎯⎯⎯⎯⎯⎯⎯⎯⎯⎯⎯⎯⎯⎯⎯⎯⎯⎯⎯⎯⎯⎯⎯⎯[5/5]⎯


 Test Files  3 failed | 27 passed (30)
      Tests  5 failed | 66 passed (71)
   Start at  09:52:58
   Duration  8.22s (transform 1.18s, setup 7.07s, import 6.30s, tests 9.09s, environment 20.15s)

 FAIL  Tests failed. Watching for file changes...
